生成启动时间为 2026/3/26 9:34:29。

     1>节点 1 上的项目“E:\Code\GrindingApp\build\ALL_BUILD.vcxproj”(默认目标)。
     1>项目“E:\Code\GrindingApp\build\ALL_BUILD.vcxproj”(1)正在节点 1 上生成“E:\Code\GrindingApp\build\ZERO_CHECK.vcxproj”(2) (默认目标)。
     2>PrepareForBuild:
         已启用结构化输出。编译器诊断的格式设置将反映错误层次结构。有关详细信息，请参阅 https://aka.ms/cpp/structured-output。
       InitializeBuildStatus:
         正在创建“x64\Release\ZERO_CHECK\ZERO_CHECK.tlog\unsuccessfulbuild”，因为已指定“AlwaysCreate”。
         正在对“x64\Release\ZERO_CHECK\ZERO_CHECK.tlog\unsuccessfulbuild”执行 Touch 任务。
       CustomBuild:
         所有输出均为最新。
       FinalizeBuildStatus:
         正在删除文件“x64\Release\ZERO_CHECK\ZERO_CHECK.tlog\unsuccessfulbuild”。
         正在对“x64\Release\ZERO_CHECK\ZERO_CHECK.tlog\ZERO_CHECK.lastbuildstate”执行 Touch 任务。
     2>已完成生成项目“E:\Code\GrindingApp\build\ZERO_CHECK.vcxproj”(默认目标)的操作。
     1>项目“E:\Code\GrindingApp\build\ALL_BUILD.vcxproj”(1)正在节点 6 上生成“E:\Code\GrindingApp\build\src\utils\GrindingUtils.vcxproj”(7) (默认目标)。
     7>PrepareForBuild:
         已启用结构化输出。编译器诊断的格式设置将反映错误层次结构。有关详细信息，请参阅 https://aka.ms/cpp/structured-output。
       InitializeBuildStatus:
         正在创建“GrindingUtils.dir\Release\GrindingUtils.tlog\unsuccessfulbuild”，因为已指定“AlwaysCreate”。
         正在对“GrindingUtils.dir\Release\GrindingUtils.tlog\unsuccessfulbuild”执行 Touch 任务。
       PreBuildEvent:
         Automatic MOC and UIC for target GrindingUtils
         setlocal
         cd E:\Code\GrindingApp\build\src\utils
         if %errorlevel% neq 0 goto :cmEnd
         E:
         if %errorlevel% neq 0 goto :cmEnd
         "D:\Program Files\Microsoft Visual Studio\2022\Professional\Common7\IDE\CommonExtensions\Microsoft\CMake\CMake\bin\cmake.exe" -E cmake_autogen E:/Code/GrindingApp/build/src/utils/CMakeFiles/GrindingUtils_autogen.dir/AutogenInfo.json Release
         if %errorlevel% neq 0 goto :cmEnd
         :cmEnd
         endlocal & call :cmErrorLevel %errorlevel% & goto :cmDone
         :cmErrorLevel
         exit /b %1
         :cmDone
         if %errorlevel% neq 0 goto :VCEnd
         :VCEnd
       CustomBuild:
         所有输出均为最新。
       ClCompile:
         所有输出均为最新。
       Link:
         所有输出均为最新。
         GrindingUtils.vcxproj -> E:\Code\GrindingApp\build\bin\Release\GrindingUtils.dll
       PostBuildEvent:
         setlocal
         C:\Windows\System32\WindowsPowerShell\v1.0\powershell.exe -noprofile -executionpolicy Bypass -file C:/vcpkg/scripts/buildsystems/msbuild/applocal.ps1 -targetBinary E:/Code/GrindingApp/build/bin/Release/GrindingUtils.dll -installedDir E:/Code/GrindingApp/build/vcpkg_installed/x64-windows/bin -OutVariable out
         if %errorlevel% neq 0 goto :cmEnd
         :cmEnd
         endlocal & call :cmErrorLevel %errorlevel% & goto :cmDone
         :cmErrorLevel
         exit /b %1
         :cmDone
         if %errorlevel% neq 0 goto :VCEnd
         :VCEnd
       FinalizeBuildStatus:
         正在删除文件“GrindingUtils.dir\Release\GrindingUtils.tlog\unsuccessfulbuild”。
         正在对“GrindingUtils.dir\Release\GrindingUtils.tlog\GrindingUtils.lastbuildstate”执行 Touch 任务。
     7>已完成生成项目“E:\Code\GrindingApp\build\src\utils\GrindingUtils.vcxproj”(默认目标)的操作。
     1>项目“E:\Code\GrindingApp\build\ALL_BUILD.vcxproj”(1)正在节点 3 上生成“E:\Code\GrindingApp\build\src\core\GrindingCore.vcxproj”(4) (默认目标)。
     4>PrepareForBuild:
         已启用结构化输出。编译器诊断的格式设置将反映错误层次结构。有关详细信息，请参阅 https://aka.ms/cpp/structured-output。
       InitializeBuildStatus:
         正在创建“GrindingCore.dir\Release\GrindingCore.tlog\unsuccessfulbuild”，因为已指定“AlwaysCreate”。
         正在对“GrindingCore.dir\Release\GrindingCore.tlog\unsuccessfulbuild”执行 Touch 任务。
       PreBuildEvent:
         Automatic MOC and UIC for target GrindingCore
         setlocal
         cd E:\Code\GrindingApp\build\src\core
         if %errorlevel% neq 0 goto :cmEnd
         E:
         if %errorlevel% neq 0 goto :cmEnd
         "D:\Program Files\Microsoft Visual Studio\2022\Professional\Common7\IDE\CommonExtensions\Microsoft\CMake\CMake\bin\cmake.exe" -E cmake_autogen E:/Code/GrindingApp/build/src/core/CMakeFiles/GrindingCore_autogen.dir/AutogenInfo.json Release
         if %errorlevel% neq 0 goto :cmEnd
         :cmEnd
         endlocal & call :cmErrorLevel %errorlevel% & goto :cmDone
         :cmErrorLevel
         exit /b %1
         :cmDone
         if %errorlevel% neq 0 goto :VCEnd
         :VCEnd
       CustomBuild:
         所有输出均为最新。
       ClCompile:
         所有输出均为最新。
       Link:
         所有输出均为最新。
         GrindingCore.vcxproj -> E:\Code\GrindingApp\build\bin\Release\GrindingCore.dll
       PostBuildEvent:
         setlocal
         C:\Windows\System32\WindowsPowerShell\v1.0\powershell.exe -noprofile -executionpolicy Bypass -file C:/vcpkg/scripts/buildsystems/msbuild/applocal.ps1 -targetBinary E:/Code/GrindingApp/build/bin/Release/GrindingCore.dll -installedDir E:/Code/GrindingApp/build/vcpkg_installed/x64-windows/bin -OutVariable out
         if %errorlevel% neq 0 goto :cmEnd
         :cmEnd
         endlocal & call :cmErrorLevel %errorlevel% & goto :cmDone
         :cmErrorLevel
         exit /b %1
         :cmDone
         if %errorlevel% neq 0 goto :VCEnd
         :VCEnd
       FinalizeBuildStatus:
         正在删除文件“GrindingCore.dir\Release\GrindingCore.tlog\unsuccessfulbuild”。
         正在对“GrindingCore.dir\Release\GrindingCore.tlog\GrindingCore.lastbuildstate”执行 Touch 任务。
     4>已完成生成项目“E:\Code\GrindingApp\build\src\core\GrindingCore.vcxproj”(默认目标)的操作。
     1>项目“E:\Code\GrindingApp\build\ALL_BUILD.vcxproj”(1)正在节点 7 上生成“E:\Code\GrindingApp\build\src\kinematics\GrindingKinematics.vcxproj”(9) (默认目标)。
     9>PrepareForBuild:
         已启用结构化输出。编译器诊断的格式设置将反映错误层次结构。有关详细信息，请参阅 https://aka.ms/cpp/structured-output。
     1>项目“E:\Code\GrindingApp\build\ALL_BUILD.vcxproj”(1)正在节点 4 上生成“E:\Code\GrindingApp\build\src\occ\GrindingOcc.vcxproj”(8) (默认目标)。
     8>PrepareForBuild:
         已启用结构化输出。编译器诊断的格式设置将反映错误层次结构。有关详细信息，请参阅 https://aka.ms/cpp/structured-output。
     9>InitializeBuildStatus:
         正在创建“GrindingKinematics.dir\Release\Grinding.CC58B3D0.tlog\unsuccessfulbuild”，因为已指定“AlwaysCreate”。
         正在对“GrindingKinematics.dir\Release\Grinding.CC58B3D0.tlog\unsuccessfulbuild”执行 Touch 任务。
     8>InitializeBuildStatus:
         正在创建“GrindingOcc.dir\Release\GrindingOcc.tlog\unsuccessfulbuild”，因为已指定“AlwaysCreate”。
         正在对“GrindingOcc.dir\Release\GrindingOcc.tlog\unsuccessfulbuild”执行 Touch 任务。
     9>PreBuildEvent:
         Automatic MOC and UIC for target GrindingKinematics
     8>PreBuildEvent:
         Automatic MOC and UIC for target GrindingOcc
     9>PreBuildEvent:
         setlocal
         cd E:\Code\GrindingApp\build\src\kinematics
         if %errorlevel% neq 0 goto :cmEnd
         E:
         if %errorlevel% neq 0 goto :cmEnd
         "D:\Program Files\Microsoft Visual Studio\2022\Professional\Common7\IDE\CommonExtensions\Microsoft\CMake\CMake\bin\cmake.exe" -E cmake_autogen E:/Code/GrindingApp/build/src/kinematics/CMakeFiles/GrindingKinematics_autogen.dir/AutogenInfo.json Release
         if %errorlevel% neq 0 goto :cmEnd
         :cmEnd
         endlocal & call :cmErrorLevel %errorlevel% & goto :cmDone
         :cmErrorLevel
         exit /b %1
         :cmDone
         if %errorlevel% neq 0 goto :VCEnd
         :VCEnd
     8>PreBuildEvent:
         setlocal
         cd E:\Code\GrindingApp\build\src\occ
         if %errorlevel% neq 0 goto :cmEnd
         E:
         if %errorlevel% neq 0 goto :cmEnd
         "D:\Program Files\Microsoft Visual Studio\2022\Professional\Common7\IDE\CommonExtensions\Microsoft\CMake\CMake\bin\cmake.exe" -E cmake_autogen E:/Code/GrindingApp/build/src/occ/CMakeFiles/GrindingOcc_autogen.dir/AutogenInfo.json Release
         if %errorlevel% neq 0 goto :cmEnd
         :cmEnd
         endlocal & call :cmErrorLevel %errorlevel% & goto :cmDone
         :cmErrorLevel
         exit /b %1
         :cmDone
         if %errorlevel% neq 0 goto :VCEnd
         :VCEnd
       CustomBuild:
         所有输出均为最新。
       ClCompile:
         所有输出均为最新。
     9>CustomBuild:
         所有输出均为最新。
     8>Link:
         所有输出均为最新。
         GrindingOcc.vcxproj -> E:\Code\GrindingApp\build\bin\Release\GrindingOcc.dll
       PostBuildEvent:
         setlocal
         C:\Windows\System32\WindowsPowerShell\v1.0\powershell.exe -noprofile -executionpolicy Bypass -file C:/vcpkg/scripts/buildsystems/msbuild/applocal.ps1 -targetBinary E:/Code/GrindingApp/build/bin/Release/GrindingOcc.dll -installedDir E:/Code/GrindingApp/build/vcpkg_installed/x64-windows/bin -OutVariable out
         if %errorlevel% neq 0 goto :cmEnd
         :cmEnd
         endlocal & call :cmErrorLevel %errorlevel% & goto :cmDone
         :cmErrorLevel
         exit /b %1
         :cmDone
         if %errorlevel% neq 0 goto :VCEnd
         :VCEnd
     9>ClCompile:
         D:\Program Files\Microsoft Visual Studio\2022\Professional\VC\Tools\MSVC\14.44.35207\bin\HostX64\x64\CL.exe /c /IE:\Code\GrindingApp\build\src\kinematics\GrindingKinematics_autogen\include_Release /IE:\Code\GrindingApp\src /IE:\Code\GrindingApp\src\kinematics /IE:\Code\GrindingApp\src\core /IE:\Code\GrindingApp\src\utils /nologo /W1 /WX- /diagnostics:column /O2 /Ob2 /D _WINDLL /D _UNICODE /D UNICODE /D WIN32 /D _WINDOWS /D NDEBUG /D GRINDING_KINEMATICS_BUILDING_DLL /D NOMINMAX /D _USE_MATH_DEFINES /D WIN32_LEAN_AND_MEAN /D UNICODE /D _UNICODE /D HAVE_FREETYPE /D HAVE_OPENGL_EXT /D _CRT_SECURE_NO_WARNINGS /D _CRT_NONSTDC_NO_DEPRECATE /D QT_CORE_LIB /D QT_NO_DEBUG /D QT_XML_LIB /D "CMAKE_INTDIR=\"Release\"" /D GrindingKinematics_EXPORTS /EHsc /MD /GS /fp:precise /Zc:wchar_t /Zc:forScope /Zc:inline /std:c++17 /Fo"GrindingKinematics.dir\Release\\" /Fd"GrindingKinematics.dir\Release\vc143.pdb" /external:W0 /Gd /TP /errorReport:queue  /external:I "E:/Code/GrindingApp/build/vcpkg_installed/x64-windows/include/opencascade" /external:I "E:/Code/GrindingApp/build/vcpkg_installed/x64-windows/include/qt5" /external:I "E:/Code/GrindingApp/build/vcpkg_installed/x64-windows/include/qt5/QtCore" /external:I "E:/Code/GrindingApp/build/vcpkg_installed/x64-windows/tools/qt5/mkspecs/win32-msvc" /external:I "E:/Code/GrindingApp/build/vcpkg_installed/x64-windows/include/qt5/QtXml" /external:I "E:/Code/GrindingApp/build/vcpkg_installed/x64-windows/include/eigen3" /external:I "E:/Code/GrindingApp/build/vcpkg_installed/x64-windows/include" /utf-8 /utf-8 E:\Code\GrindingApp\src\kinematics\EigenSolver.cpp
         EigenSolver.cpp
       Link:
         D:\Program Files\Microsoft Visual Studio\2022\Professional\VC\Tools\MSVC\14.44.35207\bin\HostX64\x64\link.exe /ERRORREPORT:QUEUE /OUT:"E:\Code\GrindingApp\build\bin\Release\GrindingKinematics.dll" /INCREMENTAL:NO /NOLOGO ..\..\lib\Release\GrindingCore.lib "..\..\vcpkg_installed\x64-windows\lib\TKBRep.lib" ..\..\lib\Release\GrindingUtils.lib "..\..\vcpkg_installed\x64-windows\lib\Qt5Xml.lib" "..\..\vcpkg_installed\x64-windows\lib\Qt5Core.lib" "..\..\vcpkg_installed\x64-windows\lib\TKGeomBase.lib" "..\..\vcpkg_installed\x64-windows\lib\TKG3d.lib" "..\..\vcpkg_installed\x64-windows\lib\TKG2d.lib" "..\..\vcpkg_installed\x64-windows\lib\TKMath.lib" "..\..\vcpkg_installed\x64-windows\lib\TKernel.lib" kernel32.lib user32.lib gdi32.lib winspool.lib shell32.lib ole32.lib oleaut32.lib uuid.lib comdlg32.lib advapi32.lib /MANIFEST /MANIFESTUAC:"level='asInvoker' uiAccess='false'" /manifest:embed /PDB:"E:/Code/GrindingApp/build/bin/Release/GrindingKinematics.pdb" /SUBSYSTEM:CONSOLE /TLBID:1 /DYNAMICBASE /NXCOMPAT /IMPLIB:"E:/Code/GrindingApp/build/lib/Release/GrindingKinematics.lib" /MACHINE:X64  /machine:x64 /DLL GrindingKinematics.dir\Release\EigenSolver.obj
         GrindingKinematics.dir\Release\RobotKinematics.obj
         GrindingKinematics.dir\Release\mocs_compilation_Release.obj
           正在创建库 E:/Code/GrindingApp/build/lib/Release/GrindingKinematics.lib 和对象 E:/Code/GrindingApp/build/lib/Release/GrindingKinematics.exp
         GrindingKinematics.vcxproj -> E:\Code\GrindingApp\build\bin\Release\GrindingKinematics.dll
       PostBuildEvent:
         setlocal
         C:\Windows\System32\WindowsPowerShell\v1.0\powershell.exe -noprofile -executionpolicy Bypass -file C:/vcpkg/scripts/buildsystems/msbuild/applocal.ps1 -targetBinary E:/Code/GrindingApp/build/bin/Release/GrindingKinematics.dll -installedDir E:/Code/GrindingApp/build/vcpkg_installed/x64-windows/bin -OutVariable out
         if %errorlevel% neq 0 goto :cmEnd
         :cmEnd
         endlocal & call :cmErrorLevel %errorlevel% & goto :cmDone
         :cmErrorLevel
         exit /b %1
         :cmDone
         if %errorlevel% neq 0 goto :VCEnd
         :VCEnd
     8>FinalizeBuildStatus:
         正在删除文件“GrindingOcc.dir\Release\GrindingOcc.tlog\unsuccessfulbuild”。
         正在对“GrindingOcc.dir\Release\GrindingOcc.tlog\GrindingOcc.lastbuildstate”执行 Touch 任务。
     8>已完成生成项目“E:\Code\GrindingApp\build\src\occ\GrindingOcc.vcxproj”(默认目标)的操作。
     9>FinalizeBuildStatus:
         正在删除文件“GrindingKinematics.dir\Release\Grinding.CC58B3D0.tlog\unsuccessfulbuild”。
         正在对“GrindingKinematics.dir\Release\Grinding.CC58B3D0.tlog\GrindingKinematics.lastbuildstate”执行 Touch 任务。
     9>已完成生成项目“E:\Code\GrindingApp\build\src\kinematics\GrindingKinematics.vcxproj”(默认目标)的操作。
     1>项目“E:\Code\GrindingApp\build\ALL_BUILD.vcxproj”(1)正在节点 2 上生成“E:\Code\GrindingApp\build\tests\TestRobotKinematics.vcxproj”(6) (默认目标)。
     6>PrepareForBuild:
         已启用结构化输出。编译器诊断的格式设置将反映错误层次结构。有关详细信息，请参阅 https://aka.ms/cpp/structured-output。
     1>项目“E:\Code\GrindingApp\build\ALL_BUILD.vcxproj”(1)正在节点 5 上生成“E:\Code\GrindingApp\build\src\ui\GrindingUI.vcxproj”(5) (默认目标)。
     5>PrepareForBuild:
         已启用结构化输出。编译器诊断的格式设置将反映错误层次结构。有关详细信息，请参阅 https://aka.ms/cpp/structured-output。
     6>InitializeBuildStatus:
         正在创建“TestRobotKinematics.dir\Release\TestRobo.E18AB966.tlog\unsuccessfulbuild”，因为已指定“AlwaysCreate”。
     5>InitializeBuildStatus:
         正在创建“GrindingUI.dir\Release\GrindingUI.tlog\unsuccessfulbuild”，因为已指定“AlwaysCreate”。
     6>InitializeBuildStatus:
         正在对“TestRobotKinematics.dir\Release\TestRobo.E18AB966.tlog\unsuccessfulbuild”执行 Touch 任务。
     5>InitializeBuildStatus:
         正在对“GrindingUI.dir\Release\GrindingUI.tlog\unsuccessfulbuild”执行 Touch 任务。
       PreBuildEvent:
         Automatic MOC and UIC for target GrindingUI
     6>PreBuildEvent:
         Automatic MOC and UIC for target TestRobotKinematics
         setlocal
         cd E:\Code\GrindingApp\build\tests
         if %errorlevel% neq 0 goto :cmEnd
         E:
         if %errorlevel% neq 0 goto :cmEnd
         "D:\Program Files\Microsoft Visual Studio\2022\Professional\Common7\IDE\CommonExtensions\Microsoft\CMake\CMake\bin\cmake.exe" -E cmake_autogen E:/Code/GrindingApp/build/tests/CMakeFiles/TestRobotKinematics_autogen.dir/AutogenInfo.json Release
         if %errorlevel% neq 0 goto :cmEnd
         :cmEnd
         endlocal & call :cmErrorLevel %errorlevel% & goto :cmDone
         :cmErrorLevel
         exit /b %1
         :cmDone
         if %errorlevel% neq 0 goto :VCEnd
         :VCEnd
     5>PreBuildEvent:
         setlocal
         cd E:\Code\GrindingApp\build\src\ui
         if %errorlevel% neq 0 goto :cmEnd
         E:
         if %errorlevel% neq 0 goto :cmEnd
         "D:\Program Files\Microsoft Visual Studio\2022\Professional\Common7\IDE\CommonExtensions\Microsoft\CMake\CMake\bin\cmake.exe" -E cmake_autogen E:/Code/GrindingApp/build/src/ui/CMakeFiles/GrindingUI_autogen.dir/AutogenInfo.json Release
         if %errorlevel% neq 0 goto :cmEnd
         :cmEnd
         endlocal & call :cmErrorLevel %errorlevel% & goto :cmDone
         :cmErrorLevel
         exit /b %1
         :cmDone
         if %errorlevel% neq 0 goto :VCEnd
         :VCEnd
     6>CustomBuild:
         所有输出均为最新。
     5>CustomBuild:
         所有输出均为最新。
     6>ClCompile:
         所有输出均为最新。
     5>ClCompile:
         所有输出均为最新。
     6>Link:
         D:\Program Files\Microsoft Visual Studio\2022\Professional\VC\Tools\MSVC\14.44.35207\bin\HostX64\x64\link.exe /ERRORREPORT:QUEUE /OUT:"E:\Code\GrindingApp\build\bin\Release\TestRobotKinematics.exe" /INCREMENTAL:NO /NOLOGO ..\lib\Release\GrindingOcc.lib ..\lib\Release\GrindingKinematics.lib "..\vcpkg_installed\x64-windows\lib\Qt5Test.lib" "..\vcpkg_installed\x64-windows\lib\TKOpenGl.lib" "..\vcpkg_installed\x64-windows\lib\TKMeshVS.lib" "..\vcpkg_installed\x64-windows\lib\TKFeat.lib" "..\vcpkg_installed\x64-windows\lib\TKOffset.lib" "..\vcpkg_installed\x64-windows\lib\TKFillet.lib" "..\vcpkg_installed\x64-windows\lib\TKBool.lib" "..\vcpkg_installed\x64-windows\lib\TKStd.lib" "..\vcpkg_installed\x64-windows\lib\TKStdL.lib" "..\vcpkg_installed\x64-windows\lib\TKRWMesh.lib" "..\vcpkg_installed\x64-windows\lib\TKDESTEP.lib" "..\vcpkg_installed\x64-windows\lib\TKXSBase.lib" "..\vcpkg_installed\x64-windows\lib\TKDESTL.lib" "..\vcpkg_installed\x64-windows\lib\TKXCAF.lib" "..\vcpkg_installed\x64-windows\lib\TKVCAF.lib" "..\vcpkg_installed\x64-windows\lib\TKV3d.lib" "..\vcpkg_installed\x64-windows\lib\TKMesh.lib" "..\vcpkg_installed\x64-windows\lib\TKHLR.lib" "..\vcpkg_installed\x64-windows\lib\TKService.lib" "..\vcpkg_installed\x64-windows\lib\TKCAF.lib" "..\vcpkg_installed\x64-windows\lib\TKBO.lib" "..\vcpkg_installed\x64-windows\lib\TKPrim.lib" "..\vcpkg_installed\x64-windows\lib\TKShHealing.lib" "..\vcpkg_installed\x64-windows\lib\TKTopAlgo.lib" "..\vcpkg_installed\x64-windows\lib\TKGeomAlgo.lib" "..\vcpkg_installed\x64-windows\lib\TKLCAF.lib" "..\vcpkg_installed\x64-windows\lib\TKCDF.lib" "..\vcpkg_installed\x64-windows\lib\TKDE.lib" ..\lib\Release\GrindingCore.lib ..\lib\Release\GrindingUtils.lib "..\vcpkg_installed\x64-windows\lib\Qt5Xml.lib" "..\vcpkg_installed\x64-windows\lib\TKBRep.lib" "..\vcpkg_installed\x64-windows\lib\TKGeomBase.lib" "..\vcpkg_installed\x64-windows\lib\TKG3d.lib" "..\vcpkg_installed\x64-windows\lib\TKG2d.lib" "..\vcpkg_installed\x64-windows\lib\TKMath.lib" "..\vcpkg_installed\x64-windows\lib\TKernel.lib" "..\vcpkg_installed\x64-windows\lib\Qt5Core.lib" kernel32.lib user32.lib gdi32.lib winspool.lib shell32.lib ole32.lib oleaut32.lib uuid.lib comdlg32.lib advapi32.lib /MANIFEST /MANIFESTUAC:"level='asInvoker' uiAccess='false'" /manifest:embed /PDB:"E:/Code/GrindingApp/build/bin/Release/TestRobotKinematics.pdb" /SUBSYSTEM:CONSOLE /TLBID:1 /DYNAMICBASE /NXCOMPAT /IMPLIB:"E:/Code/GrindingApp/build/tests/Release/TestRobotKinematics.lib" /MACHINE:X64  /machine:x64 TestRobotKinematics.dir\Release\TestRobotKinematics.obj
         TestRobotKinematics.dir\Release\mocs_compilation_Release.obj
     5>Link:
         D:\Program Files\Microsoft Visual Studio\2022\Professional\VC\Tools\MSVC\14.44.35207\bin\HostX64\x64\link.exe /ERRORREPORT:QUEUE /OUT:"E:\Code\GrindingApp\build\bin\Release\GrindingUI.dll" /INCREMENTAL:NO /NOLOGO ..\..\lib\Release\GrindingOcc.lib ..\..\lib\Release\GrindingKinematics.lib "..\..\vcpkg_installed\x64-windows\lib\Qt5OpenGL.lib" "..\..\vcpkg_installed\x64-windows\lib\TKOpenGl.lib" "..\..\vcpkg_installed\x64-windows\lib\TKMeshVS.lib" "..\..\vcpkg_installed\x64-windows\lib\TKFeat.lib" "..\..\vcpkg_installed\x64-windows\lib\TKOffset.lib" "..\..\vcpkg_installed\x64-windows\lib\TKFillet.lib" "..\..\vcpkg_installed\x64-windows\lib\TKBool.lib" "..\..\vcpkg_installed\x64-windows\lib\TKStd.lib" "..\..\vcpkg_installed\x64-windows\lib\TKStdL.lib" "..\..\vcpkg_installed\x64-windows\lib\TKRWMesh.lib" "..\..\vcpkg_installed\x64-windows\lib\TKDESTEP.lib" "..\..\vcpkg_installed\x64-windows\lib\TKXSBase.lib" "..\..\vcpkg_installed\x64-windows\lib\TKDESTL.lib" "..\..\vcpkg_installed\x64-windows\lib\TKXCAF.lib" "..\..\vcpkg_installed\x64-windows\lib\TKVCAF.lib" "..\..\vcpkg_installed\x64-windows\lib\TKV3d.lib" "..\..\vcpkg_installed\x64-windows\lib\TKMesh.lib" "..\..\vcpkg_installed\x64-windows\lib\TKHLR.lib" "..\..\vcpkg_installed\x64-windows\lib\TKService.lib" "..\..\vcpkg_installed\x64-windows\lib\TKCAF.lib" "..\..\vcpkg_installed\x64-windows\lib\TKBO.lib" "..\..\vcpkg_installed\x64-windows\lib\TKPrim.lib" "..\..\vcpkg_installed\x64-windows\lib\TKShHealing.lib" "..\..\vcpkg_installed\x64-windows\lib\TKTopAlgo.lib" "..\..\vcpkg_installed\x64-windows\lib\TKGeomAlgo.lib" "..\..\vcpkg_installed\x64-windows\lib\TKLCAF.lib" "..\..\vcpkg_installed\x64-windows\lib\TKCDF.lib" "..\..\vcpkg_installed\x64-windows\lib\TKDE.lib" ..\..\lib\Release\GrindingCore.lib ..\..\lib\Release\GrindingUtils.lib "..\..\vcpkg_installed\x64-windows\lib\Qt5Xml.lib" "..\..\vcpkg_installed\x64-windows\lib\TKBRep.lib" "..\..\vcpkg_installed\x64-windows\lib\TKGeomBase.lib" "..\..\vcpkg_installed\x64-windows\lib\TKG3d.lib" "..\..\vcpkg_installed\x64-windows\lib\TKG2d.lib" "..\..\vcpkg_installed\x64-windows\lib\TKMath.lib" "..\..\vcpkg_installed\x64-windows\lib\TKernel.lib" "..\..\vcpkg_installed\x64-windows\lib\Qt5Widgets.lib" "..\..\vcpkg_installed\x64-windows\lib\Qt5Gui.lib" "..\..\vcpkg_installed\x64-windows\lib\Qt5Core.lib" kernel32.lib user32.lib gdi32.lib winspool.lib shell32.lib ole32.lib oleaut32.lib uuid.lib comdlg32.lib advapi32.lib /MANIFEST /MANIFESTUAC:"level='asInvoker' uiAccess='false'" /manifest:embed /PDB:"E:/Code/GrindingApp/build/bin/Release/GrindingUI.pdb" /SUBSYSTEM:CONSOLE /TLBID:1 /DYNAMICBASE /NXCOMPAT /IMPLIB:"E:/Code/GrindingApp/build/lib/Release/GrindingUI.lib" /MACHINE:X64  /machine:x64 /DLL GrindingUI.dir\Release\MainWindow.obj
         GrindingUI.dir\Release\OcctViewWidget.obj
         GrindingUI.dir\Release\mocs_compilation_Release.obj
           正在创建库 E:/Code/GrindingApp/build/lib/Release/GrindingUI.lib 和对象 E:/Code/GrindingApp/build/lib/Release/GrindingUI.exp
     6>Link:
         TestRobotKinematics.vcxproj -> E:\Code\GrindingApp\build\bin\Release\TestRobotKinematics.exe
       PostBuildEvent:
         setlocal
         C:\Windows\System32\WindowsPowerShell\v1.0\powershell.exe -noprofile -executionpolicy Bypass -file C:/vcpkg/scripts/buildsystems/msbuild/applocal.ps1 -targetBinary E:/Code/GrindingApp/build/bin/Release/TestRobotKinematics.exe -installedDir E:/Code/GrindingApp/build/vcpkg_installed/x64-windows/bin -OutVariable out
         if %errorlevel% neq 0 goto :cmEnd
         :cmEnd
         endlocal & call :cmErrorLevel %errorlevel% & goto :cmDone
         :cmErrorLevel
         exit /b %1
         :cmDone
         if %errorlevel% neq 0 goto :VCEnd
         :VCEnd
     5>Link:
         GrindingUI.vcxproj -> E:\Code\GrindingApp\build\bin\Release\GrindingUI.dll
       PostBuildEvent:
         setlocal
         C:\Windows\System32\WindowsPowerShell\v1.0\powershell.exe -noprofile -executionpolicy Bypass -file C:/vcpkg/scripts/buildsystems/msbuild/applocal.ps1 -targetBinary E:/Code/GrindingApp/build/bin/Release/GrindingUI.dll -installedDir E:/Code/GrindingApp/build/vcpkg_installed/x64-windows/bin -OutVariable out
         if %errorlevel% neq 0 goto :cmEnd
         :cmEnd
         endlocal & call :cmErrorLevel %errorlevel% & goto :cmDone
         :cmErrorLevel
         exit /b %1
         :cmDone
         if %errorlevel% neq 0 goto :VCEnd
         :VCEnd
     6>FinalizeBuildStatus:
         正在删除文件“TestRobotKinematics.dir\Release\TestRobo.E18AB966.tlog\unsuccessfulbuild”。
         正在对“TestRobotKinematics.dir\Release\TestRobo.E18AB966.tlog\TestRobotKinematics.lastbuildstate”执行 Touch 任务。
     6>已完成生成项目“E:\Code\GrindingApp\build\tests\TestRobotKinematics.vcxproj”(默认目标)的操作。
     5>FinalizeBuildStatus:
         正在删除文件“GrindingUI.dir\Release\GrindingUI.tlog\unsuccessfulbuild”。
         正在对“GrindingUI.dir\Release\GrindingUI.tlog\GrindingUI.lastbuildstate”执行 Touch 任务。
     5>已完成生成项目“E:\Code\GrindingApp\build\src\ui\GrindingUI.vcxproj”(默认目标)的操作。
     1>项目“E:\Code\GrindingApp\build\ALL_BUILD.vcxproj”(1)正在节点 1 上生成“E:\Code\GrindingApp\build\GrindingApp.vcxproj”(3) (默认目标)。
     3>PrepareForBuild:
         已启用结构化输出。编译器诊断的格式设置将反映错误层次结构。有关详细信息，请参阅 https://aka.ms/cpp/structured-output。
       InitializeBuildStatus:
         正在创建“GrindingApp.dir\Release\GrindingApp.tlog\unsuccessfulbuild”，因为已指定“AlwaysCreate”。
         正在对“GrindingApp.dir\Release\GrindingApp.tlog\unsuccessfulbuild”执行 Touch 任务。
       PreBuildEvent:
         Automatic MOC and UIC for target GrindingApp
         setlocal
         cd E:\Code\GrindingApp\build
         if %errorlevel% neq 0 goto :cmEnd
         E:
         if %errorlevel% neq 0 goto :cmEnd
         "D:\Program Files\Microsoft Visual Studio\2022\Professional\Common7\IDE\CommonExtensions\Microsoft\CMake\CMake\bin\cmake.exe" -E cmake_autogen E:/Code/GrindingApp/build/CMakeFiles/GrindingApp_autogen.dir/AutogenInfo.json Release
         if %errorlevel% neq 0 goto :cmEnd
         :cmEnd
         endlocal & call :cmErrorLevel %errorlevel% & goto :cmDone
         :cmErrorLevel
         exit /b %1
         :cmDone
         if %errorlevel% neq 0 goto :VCEnd
         :VCEnd
       CustomBuild:
         所有输出均为最新。
       ClCompile:
         所有输出均为最新。
       Link:
         D:\Program Files\Microsoft Visual Studio\2022\Professional\VC\Tools\MSVC\14.44.35207\bin\HostX64\x64\link.exe /ERRORREPORT:QUEUE /OUT:"E:\Code\GrindingApp\build\bin\Release\GrindingApp.exe" /INCREMENTAL:NO /NOLOGO lib\Release\GrindingUI.lib lib\Release\GrindingOcc.lib "vcpkg_installed\x64-windows\lib\TKOpenGl.lib" "vcpkg_installed\x64-windows\lib\TKMeshVS.lib" "vcpkg_installed\x64-windows\lib\TKFeat.lib" "vcpkg_installed\x64-windows\lib\TKOffset.lib" "vcpkg_installed\x64-windows\lib\TKFillet.lib" "vcpkg_installed\x64-windows\lib\TKBool.lib" "vcpkg_installed\x64-windows\lib\TKStd.lib" "vcpkg_installed\x64-windows\lib\TKStdL.lib" "vcpkg_installed\x64-windows\lib\TKRWMesh.lib" "vcpkg_installed\x64-windows\lib\TKDESTEP.lib" "vcpkg_installed\x64-windows\lib\TKXSBase.lib" "vcpkg_installed\x64-windows\lib\TKDESTL.lib" "vcpkg_installed\x64-windows\lib\TKXCAF.lib" "vcpkg_installed\x64-windows\lib\TKVCAF.lib" "vcpkg_installed\x64-windows\lib\TKV3d.lib" "vcpkg_installed\x64-windows\lib\TKMesh.lib" "vcpkg_installed\x64-windows\lib\TKHLR.lib" "vcpkg_installed\x64-windows\lib\TKService.lib" "vcpkg_installed\x64-windows\lib\TKCAF.lib" "vcpkg_installed\x64-windows\lib\TKBO.lib" "vcpkg_installed\x64-windows\lib\TKPrim.lib" "vcpkg_installed\x64-windows\lib\TKShHealing.lib" "vcpkg_installed\x64-windows\lib\TKTopAlgo.lib" "vcpkg_installed\x64-windows\lib\TKGeomAlgo.lib" "vcpkg_installed\x64-windows\lib\TKLCAF.lib" "vcpkg_installed\x64-windows\lib\TKCDF.lib" "vcpkg_installed\x64-windows\lib\TKDE.lib" lib\Release\GrindingKinematics.lib "vcpkg_installed\x64-windows\lib\TKBRep.lib" "vcpkg_installed\x64-windows\lib\TKGeomBase.lib" "vcpkg_installed\x64-windows\lib\TKG3d.lib" "vcpkg_installed\x64-windows\lib\TKG2d.lib" "vcpkg_installed\x64-windows\lib\TKMath.lib" "vcpkg_installed\x64-windows\lib\TKernel.lib" lib\Release\GrindingCore.lib lib\Release\GrindingUtils.lib "vcpkg_installed\x64-windows\lib\Qt5Xml.lib" "vcpkg_installed\x64-windows\lib\Qt5OpenGL.lib" "vcpkg_installed\x64-windows\lib\Qt5Widgets.lib" "vcpkg_installed\x64-windows\lib\Qt5Gui.lib" "vcpkg_installed\x64-windows\lib\Qt5Core.lib" kernel32.lib user32.lib gdi32.lib winspool.lib shell32.lib ole32.lib oleaut32.lib uuid.lib comdlg32.lib advapi32.lib /MANIFEST /MANIFESTUAC:"level='asInvoker' uiAccess='false'" /manifest:embed /PDB:"E:/Code/GrindingApp/build/bin/Release/GrindingApp.pdb" /SUBSYSTEM:CONSOLE /TLBID:1 /DYNAMICBASE /NXCOMPAT /IMPLIB:"E:/Code/GrindingApp/build/Release/GrindingApp.lib" /MACHINE:X64  /machine:x64 GrindingApp.dir\Release\main.obj
         GrindingApp.dir\Release\qrc_resources.obj
         GrindingApp.dir\Release\mocs_compilation_Release.obj
           正在创建库 E:/Code/GrindingApp/build/Release/GrindingApp.lib 和对象 E:/Code/GrindingApp/build/Release/GrindingApp.exp
         GrindingApp.vcxproj -> E:\Code\GrindingApp\build\bin\Release\GrindingApp.exe
       PostBuildEvent:
         setlocal
         C:\Windows\System32\WindowsPowerShell\v1.0\powershell.exe -noprofile -executionpolicy Bypass -file C:/vcpkg/scripts/buildsystems/msbuild/applocal.ps1 -targetBinary E:/Code/GrindingApp/build/bin/Release/GrindingApp.exe -installedDir E:/Code/GrindingApp/build/vcpkg_installed/x64-windows/bin -OutVariable out
         if %errorlevel% neq 0 goto :cmEnd
         :cmEnd
         endlocal & call :cmErrorLevel %errorlevel% & goto :cmDone
         :cmErrorLevel
         exit /b %1
         :cmDone
         if %errorlevel% neq 0 goto :VCEnd
         :VCEnd
       FinalizeBuildStatus:
         正在删除文件“GrindingApp.dir\Release\GrindingApp.tlog\unsuccessfulbuild”。
         正在对“GrindingApp.dir\Release\GrindingApp.tlog\GrindingApp.lastbuildstate”执行 Touch 任务。
     3>已完成生成项目“E:\Code\GrindingApp\build\GrindingApp.vcxproj”(默认目标)的操作。
     1>PrepareForBuild:
         已启用结构化输出。编译器诊断的格式设置将反映错误层次结构。有关详细信息，请参阅 https://aka.ms/cpp/structured-output。
       InitializeBuildStatus:
         正在创建“x64\Release\ALL_BUILD\ALL_BUILD.tlog\unsuccessfulbuild”，因为已指定“AlwaysCreate”。
         正在对“x64\Release\ALL_BUILD\ALL_BUILD.tlog\unsuccessfulbuild”执行 Touch 任务。
       CustomBuild:
         所有输出均为最新。
       FinalizeBuildStatus:
         正在删除文件“x64\Release\ALL_BUILD\ALL_BUILD.tlog\unsuccessfulbuild”。
         正在对“x64\Release\ALL_BUILD\ALL_BUILD.tlog\ALL_BUILD.lastbuildstate”执行 Touch 任务。
     1>已完成生成项目“E:\Code\GrindingApp\build\ALL_BUILD.vcxproj”(默认目标)的操作。

已成功生成。
    0 个警告
    0 个错误

已用时间 00:00:09.32
